// Jest Snapshot v1, https://goo.gl/fbAQLP

exports[`<Volunteers /> renders correctly the component 1`] = `
<DocumentFragment>
  <div
    class="flex flex-col items-center"
  >
    <img
      alt="Livro"
      class="max-w-[100px] max-h-[100px]"
      data-nimg="1"
      decoding="async"
      height="40"
      loading="lazy"
      src="/_next/image?url=%2Fimg.jpg&w=96&q=75"
      srcset="/_next/image?url=%2Fimg.jpg&w=48&q=75 1x, /_next/image?url=%2Fimg.jpg&w=96&q=75 2x"
      style="color: transparent;"
      width="40"
    />
    <h2
      class="m-lg tablet:m-xl"
    >
      Voluntários
    </h2>
  </div>
  <div
    class="flex flex-wrap justify-center mt-12 gap-4"
  >
    <div
      class="flex flex-row p-4 max-w-[390px] min-w-[288px] w-full rounded-[4px] border-solid border-t-[3px] border-primary-dark bg-gray-lightest shadow"
    >
      <img
        alt="Allythy"
        class="bg-white rounded-[50%] mr-4"
        data-nimg="1"
        decoding="async"
        height="70"
        loading="lazy"
        src="/_next/image?url=%2Fassets%2Fvolunteers%2Fallythy.jpeg&w=256&q=75"
        srcset="/_next/image?url=%2Fassets%2Fvolunteers%2Fallythy.jpeg&w=96&q=75 1x, /_next/image?url=%2Fassets%2Fvolunteers%2Fallythy.jpeg&w=256&q=75 2x"
        style="color: transparent;"
        width="70"
      />
      <div
        class="flex flex-col justify-between"
      >
        <div
          class="flex flex-col"
        >
          <p
            class="text-black text-sm tablet:text-base "
            data-testid=""
          >
            Allythy
          </p>
          <p
            class="text-black text-sm tablet:text-base mt-[0.1rem] text-primary-dark"
            data-testid=""
          >
            Desenvolvedor
          </p>
        </div>
        <div
          class="flex flex-row"
        >
          <a
            class="mr-4"
            href="https://github.com/allythy"
            rel="noreferrer"
            target="_blank"
          >
            <img
              alt="Github icon"
              class="h-5 w-5"
              data-nimg="1"
              decoding="async"
              height="40"
              loading="lazy"
              src="/_next/image?url=%2Fimg.jpg&w=96&q=75"
              srcset="/_next/image?url=%2Fimg.jpg&w=48&q=75 1x, /_next/image?url=%2Fimg.jpg&w=96&q=75 2x"
              style="color: transparent;"
              width="40"
            />
          </a>
        </div>
      </div>
    </div>
    <div
      class="flex flex-row p-4 max-w-[390px] min-w-[288px] w-full rounded-[4px] border-solid border-t-[3px] border-primary-dark bg-gray-lightest shadow"
    >
      <img
        alt="Ana Paula Gomes"
        class="bg-white rounded-[50%] mr-4"
        data-nimg="1"
        decoding="async"
        height="70"
        loading="lazy"
        src="/_next/image?url=%2Fassets%2Fvolunteers%2Fanapaulagomes.jpeg&w=256&q=75"
        srcset="/_next/image?url=%2Fassets%2Fvolunteers%2Fanapaulagomes.jpeg&w=96&q=75 1x, /_next/image?url=%2Fassets%2Fvolunteers%2Fanapaulagomes.jpeg&w=256&q=75 2x"
        style="color: transparent;"
        width="70"
      />
      <div
        class="flex flex-col justify-between"
      >
        <div
          class="flex flex-col"
        >
          <p
            class="text-black text-sm tablet:text-base "
            data-testid=""
          >
            Ana Paula Gomes
          </p>
          <p
            class="text-black text-sm tablet:text-base mt-[0.1rem] text-primary-dark"
            data-testid=""
          >
            Faz-tudo
          </p>
        </div>
        <div
          class="flex flex-row"
        >
          <a
            class="mr-4"
            href="https://www.twitter.com/anapaulagomess"
            target="_self"
          >
            <img
              alt="Twitter icon"
              class="h-5 w-5"
              data-nimg="1"
              decoding="async"
              height="40"
              loading="lazy"
              src="/_next/image?url=%2Fimg.jpg&w=96&q=75"
              srcset="/_next/image?url=%2Fimg.jpg&w=48&q=75 1x, /_next/image?url=%2Fimg.jpg&w=96&q=75 2x"
              style="color: transparent;"
              width="40"
            />
          </a>
          <a
            class="mr-4"
            href="https://www.linkedin.com/in/anapaulagomess"
            rel="noreferrer"
            target="_blank"
          >
            <img
              alt="Linkedin icon"
              class="h-5 w-5"
              data-nimg="1"
              decoding="async"
              height="40"
              loading="lazy"
              src="/_next/image?url=%2Fimg.jpg&w=96&q=75"
              srcset="/_next/image?url=%2Fimg.jpg&w=48&q=75 1x, /_next/image?url=%2Fimg.jpg&w=96&q=75 2x"
              style="color: transparent;"
              width="40"
            />
          </a>
          <a
            class="mr-4"
            href="https://github.com/anapaulagomes"
            rel="noreferrer"
            target="_blank"
          >
            <img
              alt="Github icon"
              class="h-5 w-5"
              data-nimg="1"
              decoding="async"
              height="40"
              loading="lazy"
              src="/_next/image?url=%2Fimg.jpg&w=96&q=75"
              srcset="/_next/image?url=%2Fimg.jpg&w=48&q=75 1x, /_next/image?url=%2Fimg.jpg&w=96&q=75 2x"
              style="color: transparent;"
              width="40"
            />
          </a>
        </div>
      </div>
    </div>
    <div
      class="flex flex-row p-4 max-w-[390px] min-w-[288px] w-full rounded-[4px] border-solid border-t-[3px] border-primary-dark bg-gray-lightest shadow"
    >
      <img
        alt="André Costa"
        class="bg-white rounded-[50%] mr-4"
        data-nimg="1"
        decoding="async"
        height="70"
        loading="lazy"
        src="/_next/image?url=%2Fassets%2Fvolunteers%2Fandrecostaux.jpeg&w=256&q=75"
        srcset="/_next/image?url=%2Fassets%2Fvolunteers%2Fandrecostaux.jpeg&w=96&q=75 1x, /_next/image?url=%2Fassets%2Fvolunteers%2Fandrecostaux.jpeg&w=256&q=75 2x"
        style="color: transparent;"
        width="70"
      />
      <div
        class="flex flex-col justify-between"
      >
        <div
          class="flex flex-col"
        >
          <p
            class="text-black text-sm tablet:text-base "
            data-testid=""
          >
            André Costa
          </p>
          <p
            class="text-black text-sm tablet:text-base mt-[0.1rem] text-primary-dark"
            data-testid=""
          >
            Designer
          </p>
        </div>
        <div
          class="flex flex-row"
        >
          <a
            class="mr-4"
            href="https://www.linkedin.com/in/andrecostaux"
            rel="noreferrer"
            target="_blank"
          >
            <img
              alt="Linkedin icon"
              class="h-5 w-5"
              data-nimg="1"
              decoding="async"
              height="40"
              loading="lazy"
              src="/_next/image?url=%2Fimg.jpg&w=96&q=75"
              srcset="/_next/image?url=%2Fimg.jpg&w=48&q=75 1x, /_next/image?url=%2Fimg.jpg&w=96&q=75 2x"
              style="color: transparent;"
              width="40"
            />
          </a>
        </div>
      </div>
    </div>
    <div
      class="flex flex-row p-4 max-w-[390px] min-w-[288px] w-full rounded-[4px] border-solid border-t-[3px] border-primary-dark bg-gray-lightest shadow"
    >
      <img
        alt="Bruno Morassuti"
        class="bg-white rounded-[50%] mr-4"
        data-nimg="1"
        decoding="async"
        height="70"
        loading="lazy"
        src="/_next/image?url=%2Fassets%2Fvolunteers%2Fjedibruno.jpeg&w=256&q=75"
        srcset="/_next/image?url=%2Fassets%2Fvolunteers%2Fjedibruno.jpeg&w=96&q=75 1x, /_next/image?url=%2Fassets%2Fvolunteers%2Fjedibruno.jpeg&w=256&q=75 2x"
        style="color: transparent;"
        width="70"
      />
      <div
        class="flex flex-col justify-between"
      >
        <div
          class="flex flex-col"
        >
          <p
            class="text-black text-sm tablet:text-base "
            data-testid=""
          >
            Bruno Morassuti
          </p>
          <p
            class="text-black text-sm tablet:text-base mt-[0.1rem] text-primary-dark"
            data-testid=""
          >
            Conselheiro Jurídico
          </p>
        </div>
        <div
          class="flex flex-row"
        >
          <a
            class="mr-4"
            href="https://www.twitter.com/555112299jedi"
            target="_self"
          >
            <img
              alt="Twitter icon"
              class="h-5 w-5"
              data-nimg="1"
              decoding="async"
              height="40"
              loading="lazy"
              src="/_next/image?url=%2Fimg.jpg&w=96&q=75"
              srcset="/_next/image?url=%2Fimg.jpg&w=48&q=75 1x, /_next/image?url=%2Fimg.jpg&w=96&q=75 2x"
              style="color: transparent;"
              width="40"
            />
          </a>
          <a
            class="mr-4"
            href="https://www.linkedin.com/in/bruno-schimitt-morassutti-7a0b5b180"
            rel="noreferrer"
            target="_blank"
          >
            <img
              alt="Linkedin icon"
              class="h-5 w-5"
              data-nimg="1"
              decoding="async"
              height="40"
              loading="lazy"
              src="/_next/image?url=%2Fimg.jpg&w=96&q=75"
              srcset="/_next/image?url=%2Fimg.jpg&w=48&q=75 1x, /_next/image?url=%2Fimg.jpg&w=96&q=75 2x"
              style="color: transparent;"
              width="40"
            />
          </a>
          <a
            class="mr-4"
            href="https://github.com/jedibruno"
            rel="noreferrer"
            target="_blank"
          >
            <img
              alt="Github icon"
              class="h-5 w-5"
              data-nimg="1"
              decoding="async"
              height="40"
              loading="lazy"
              src="/_next/image?url=%2Fimg.jpg&w=96&q=75"
              srcset="/_next/image?url=%2Fimg.jpg&w=48&q=75 1x, /_next/image?url=%2Fimg.jpg&w=96&q=75 2x"
              style="color: transparent;"
              width="40"
            />
          </a>
        </div>
      </div>
    </div>
    <div
      class="flex flex-row p-4 max-w-[390px] min-w-[288px] w-full rounded-[4px] border-solid border-t-[3px] border-primary-dark bg-gray-lightest shadow"
    >
      <img
        alt="Daniel Fireman"
        class="bg-white rounded-[50%] mr-4"
        data-nimg="1"
        decoding="async"
        height="70"
        loading="lazy"
        src="/_next/image?url=%2Fassets%2Fvolunteers%2Fdanielfireman.jpeg&w=256&q=75"
        srcset="/_next/image?url=%2Fassets%2Fvolunteers%2Fdanielfireman.jpeg&w=96&q=75 1x, /_next/image?url=%2Fassets%2Fvolunteers%2Fdanielfireman.jpeg&w=256&q=75 2x"
        style="color: transparent;"
        width="70"
      />
      <div
        class="flex flex-col justify-between"
      >
        <div
          class="flex flex-col"
        >
          <p
            class="text-black text-sm tablet:text-base "
            data-testid=""
          >
            Daniel Fireman
          </p>
          <p
            class="text-black text-sm tablet:text-base mt-[0.1rem] text-primary-dark"
            data-testid=""
          >
            Conselheiro
          </p>
        </div>
        <div
          class="flex flex-row"
        >
          <a
            class="mr-4"
            href="https://www.twitter.com/daniellfireman"
            target="_self"
          >
            <img
              alt="Twitter icon"
              class="h-5 w-5"
              data-nimg="1"
              decoding="async"
              height="40"
              loading="lazy"
              src="/_next/image?url=%2Fimg.jpg&w=96&q=75"
              srcset="/_next/image?url=%2Fimg.jpg&w=48&q=75 1x, /_next/image?url=%2Fimg.jpg&w=96&q=75 2x"
              style="color: transparent;"
              width="40"
            />
          </a>
          <a
            class="mr-4"
            href="https://www.linkedin.com/in/danielfireman"
            rel="noreferrer"
            target="_blank"
          >
            <img
              alt="Linkedin icon"
              class="h-5 w-5"
              data-nimg="1"
              decoding="async"
              height="40"
              loading="lazy"
              src="/_next/image?url=%2Fimg.jpg&w=96&q=75"
              srcset="/_next/image?url=%2Fimg.jpg&w=48&q=75 1x, /_next/image?url=%2Fimg.jpg&w=96&q=75 2x"
              style="color: transparent;"
              width="40"
            />
          </a>
          <a
            class="mr-4"
            href="https://github.com/danielfireman"
            rel="noreferrer"
            target="_blank"
          >
            <img
              alt="Github icon"
              class="h-5 w-5"
              data-nimg="1"
              decoding="async"
              height="40"
              loading="lazy"
              src="/_next/image?url=%2Fimg.jpg&w=96&q=75"
              srcset="/_next/image?url=%2Fimg.jpg&w=48&q=75 1x, /_next/image?url=%2Fimg.jpg&w=96&q=75 2x"
              style="color: transparent;"
              width="40"
            />
          </a>
        </div>
      </div>
    </div>
    <div
      class="flex flex-row p-4 max-w-[390px] min-w-[288px] w-full rounded-[4px] border-solid border-t-[3px] border-primary-dark bg-gray-lightest shadow"
    >
      <img
        alt="Eduardo Cuducos"
        class="bg-white rounded-[50%] mr-4"
        data-nimg="1"
        decoding="async"
        height="70"
        loading="lazy"
        src="/_next/image?url=%2Fassets%2Fvolunteers%2Fcuducos.jpeg&w=256&q=75"
        srcset="/_next/image?url=%2Fassets%2Fvolunteers%2Fcuducos.jpeg&w=96&q=75 1x, /_next/image?url=%2Fassets%2Fvolunteers%2Fcuducos.jpeg&w=256&q=75 2x"
        style="color: transparent;"
        width="70"
      />
      <div
        class="flex flex-col justify-between"
      >
        <div
          class="flex flex-col"
        >
          <p
            class="text-black text-sm tablet:text-base "
            data-testid=""
          >
            Eduardo Cuducos
          </p>
          <p
            class="text-black text-sm tablet:text-base mt-[0.1rem] text-primary-dark"
            data-testid=""
          >
            Desenvolvedor
          </p>
        </div>
        <div
          class="flex flex-row"
        >
          <a
            class="mr-4"
            href="https://www.twitter.com/cuducos"
            target="_self"
          >
            <img
              alt="Twitter icon"
              class="h-5 w-5"
              data-nimg="1"
              decoding="async"
              height="40"
              loading="lazy"
              src="/_next/image?url=%2Fimg.jpg&w=96&q=75"
              srcset="/_next/image?url=%2Fimg.jpg&w=48&q=75 1x, /_next/image?url=%2Fimg.jpg&w=96&q=75 2x"
              style="color: transparent;"
              width="40"
            />
          </a>
          <a
            class="mr-4"
            href="https://github.com/cuducos"
            rel="noreferrer"
            target="_blank"
          >
            <img
              alt="Github icon"
              class="h-5 w-5"
              data-nimg="1"
              decoding="async"
              height="40"
              loading="lazy"
              src="/_next/image?url=%2Fimg.jpg&w=96&q=75"
              srcset="/_next/image?url=%2Fimg.jpg&w=48&q=75 1x, /_next/image?url=%2Fimg.jpg&w=96&q=75 2x"
              style="color: transparent;"
              width="40"
            />
          </a>
        </div>
      </div>
    </div>
    <div
      class="flex flex-row p-4 max-w-[390px] min-w-[288px] w-full rounded-[4px] border-solid border-t-[3px] border-primary-dark bg-gray-lightest shadow"
    >
      <img
        alt="Eduardo Daltro"
        class="bg-white rounded-[50%] mr-4"
        data-nimg="1"
        decoding="async"
        height="70"
        loading="lazy"
        src="/_next/image?url=%2Fassets%2Fvolunteers%2Fdaltroedu.jpeg&w=256&q=75"
        srcset="/_next/image?url=%2Fassets%2Fvolunteers%2Fdaltroedu.jpeg&w=96&q=75 1x, /_next/image?url=%2Fassets%2Fvolunteers%2Fdaltroedu.jpeg&w=256&q=75 2x"
        style="color: transparent;"
        width="70"
      />
      <div
        class="flex flex-col justify-between"
      >
        <div
          class="flex flex-col"
        >
          <p
            class="text-black text-sm tablet:text-base "
            data-testid=""
          >
            Eduardo Daltro
          </p>
          <p
            class="text-black text-sm tablet:text-base mt-[0.1rem] text-primary-dark"
            data-testid=""
          >
            Staff
          </p>
        </div>
        <div
          class="flex flex-row"
        >
          <a
            class="mr-4"
            href="https://www.linkedin.com/in/daltroedu"
            rel="noreferrer"
            target="_blank"
          >
            <img
              alt="Linkedin icon"
              class="h-5 w-5"
              data-nimg="1"
              decoding="async"
              height="40"
              loading="lazy"
              src="/_next/image?url=%2Fimg.jpg&w=96&q=75"
              srcset="/_next/image?url=%2Fimg.jpg&w=48&q=75 1x, /_next/image?url=%2Fimg.jpg&w=96&q=75 2x"
              style="color: transparent;"
              width="40"
            />
          </a>
        </div>
      </div>
    </div>
    <div
      class="flex flex-row p-4 max-w-[390px] min-w-[288px] w-full rounded-[4px] border-solid border-t-[3px] border-primary-dark bg-gray-lightest shadow"
    >
      <img
        alt="Emerson Oliveira"
        class="bg-white rounded-[50%] mr-4"
        data-nimg="1"
        decoding="async"
        height="70"
        loading="lazy"
        src="/_next/image?url=%2Fassets%2Fvolunteers%2Femersonsdo.jpeg&w=256&q=75"
        srcset="/_next/image?url=%2Fassets%2Fvolunteers%2Femersonsdo.jpeg&w=96&q=75 1x, /_next/image?url=%2Fassets%2Fvolunteers%2Femersonsdo.jpeg&w=256&q=75 2x"
        style="color: transparent;"
        width="70"
      />
      <div
        class="flex flex-col justify-between"
      >
        <div
          class="flex flex-col"
        >
          <p
            class="text-black text-sm tablet:text-base "
            data-testid=""
          >
            Emerson Oliveira
          </p>
          <p
            class="text-black text-sm tablet:text-base mt-[0.1rem] text-primary-dark"
            data-testid=""
          >
            Desenvolvedor
          </p>
        </div>
        <div
          class="flex flex-row"
        >
          <a
            class="mr-4"
            href="https://www.linkedin.com/in/emerson-oliveira-89ab859"
            rel="noreferrer"
            target="_blank"
          >
            <img
              alt="Linkedin icon"
              class="h-5 w-5"
              data-nimg="1"
              decoding="async"
              height="40"
              loading="lazy"
              src="/_next/image?url=%2Fimg.jpg&w=96&q=75"
              srcset="/_next/image?url=%2Fimg.jpg&w=48&q=75 1x, /_next/image?url=%2Fimg.jpg&w=96&q=75 2x"
              style="color: transparent;"
              width="40"
            />
          </a>
          <a
            class="mr-4"
            href="https://github.com/emersonsdo"
            rel="noreferrer"
            target="_blank"
          >
            <img
              alt="Github icon"
              class="h-5 w-5"
              data-nimg="1"
              decoding="async"
              height="40"
              loading="lazy"
              src="/_next/image?url=%2Fimg.jpg&w=96&q=75"
              srcset="/_next/image?url=%2Fimg.jpg&w=48&q=75 1x, /_next/image?url=%2Fimg.jpg&w=96&q=75 2x"
              style="color: transparent;"
              width="40"
            />
          </a>
        </div>
      </div>
    </div>
    <div
      class="flex flex-row p-4 max-w-[390px] min-w-[288px] w-full rounded-[4px] border-solid border-t-[3px] border-primary-dark bg-gray-lightest shadow"
    >
      <img
        alt="Everton Alves"
        class="bg-white rounded-[50%] mr-4"
        data-nimg="1"
        decoding="async"
        height="70"
        loading="lazy"
        src="/_next/image?url=%2Fassets%2Fvolunteers%2Fellalves.png&w=256&q=75"
        srcset="/_next/image?url=%2Fassets%2Fvolunteers%2Fellalves.png&w=96&q=75 1x, /_next/image?url=%2Fassets%2Fvolunteers%2Fellalves.png&w=256&q=75 2x"
        style="color: transparent;"
        width="70"
      />
      <div
        class="flex flex-col justify-between"
      >
        <div
          class="flex flex-col"
        >
          <p
            class="text-black text-sm tablet:text-base "
            data-testid=""
          >
            Everton Alves
          </p>
          <p
            class="text-black text-sm tablet:text-base mt-[0.1rem] text-primary-dark"
            data-testid=""
          >
            Social Media
          </p>
        </div>
        <div
          class="flex flex-row"
        >
          <a
            class="mr-4"
            href="https://www.instagram.com/ellalves.mktd"
            rel="noreferrer"
            target="_blank"
          >
            <img
              alt="Instagram icon"
              class="h-5 w-5"
              data-nimg="1"
              decoding="async"
              height="40"
              loading="lazy"
              src="/_next/image?url=%2Fimg.jpg&w=96&q=75"
              srcset="/_next/image?url=%2Fimg.jpg&w=48&q=75 1x, /_next/image?url=%2Fimg.jpg&w=96&q=75 2x"
              style="color: transparent;"
              width="40"
            />
          </a>
        </div>
      </div>
    </div>
    <div
      class="flex flex-row p-4 max-w-[390px] min-w-[288px] w-full rounded-[4px] border-solid border-t-[3px] border-primary-dark bg-gray-lightest shadow"
    >
      <img
        alt="Felipe Barros"
        class="bg-white rounded-[50%] mr-4"
        data-nimg="1"
        decoding="async"
        height="70"
        loading="lazy"
        src="/_next/image?url=%2Fassets%2Fvolunteers%2Ffelipelfb.jpeg&w=256&q=75"
        srcset="/_next/image?url=%2Fassets%2Fvolunteers%2Ffelipelfb.jpeg&w=96&q=75 1x, /_next/image?url=%2Fassets%2Fvolunteers%2Ffelipelfb.jpeg&w=256&q=75 2x"
        style="color: transparent;"
        width="70"
      />
      <div
        class="flex flex-col justify-between"
      >
        <div
          class="flex flex-col"
        >
          <p
            class="text-black text-sm tablet:text-base "
            data-testid=""
          >
            Felipe Barros
          </p>
          <p
            class="text-black text-sm tablet:text-base mt-[0.1rem] text-primary-dark"
            data-testid=""
          >
            Analista de Dados
          </p>
        </div>
        <div
          class="flex flex-row"
        >
          <a
            class="mr-4"
            href="https://www.linkedin.com/in/felipe-barros-609a52141"
            rel="noreferrer"
            target="_blank"
          >
            <img
              alt="Linkedin icon"
              class="h-5 w-5"
              data-nimg="1"
              decoding="async"
              height="40"
              loading="lazy"
              src="/_next/image?url=%2Fimg.jpg&w=96&q=75"
              srcset="/_next/image?url=%2Fimg.jpg&w=48&q=75 1x, /_next/image?url=%2Fimg.jpg&w=96&q=75 2x"
              style="color: transparent;"
              width="40"
            />
          </a>
          <a
            class="mr-4"
            href="https://github.com/felipelfb"
            rel="noreferrer"
            target="_blank"
          >
            <img
              alt="Github icon"
              class="h-5 w-5"
              data-nimg="1"
              decoding="async"
              height="40"
              loading="lazy"
              src="/_next/image?url=%2Fimg.jpg&w=96&q=75"
              srcset="/_next/image?url=%2Fimg.jpg&w=48&q=75 1x, /_next/image?url=%2Fimg.jpg&w=96&q=75 2x"
              style="color: transparent;"
              width="40"
            />
          </a>
        </div>
      </div>
    </div>
    <div
      class="flex flex-row p-4 max-w-[390px] min-w-[288px] w-full rounded-[4px] border-solid border-t-[3px] border-primary-dark bg-gray-lightest shadow"
    >
      <img
        alt="Filipe Maia"
        class="bg-white rounded-[50%] mr-4"
        data-nimg="1"
        decoding="async"
        height="70"
        loading="lazy"
        src="/_next/image?url=%2Fassets%2Fvolunteers%2Ffilipebsmaia.png&w=256&q=75"
        srcset="/_next/image?url=%2Fassets%2Fvolunteers%2Ffilipebsmaia.png&w=96&q=75 1x, /_next/image?url=%2Fassets%2Fvolunteers%2Ffilipebsmaia.png&w=256&q=75 2x"
        style="color: transparent;"
        width="70"
      />
      <div
        class="flex flex-col justify-between"
      >
        <div
          class="flex flex-col"
        >
          <p
            class="text-black text-sm tablet:text-base "
            data-testid=""
          >
            Filipe Maia
          </p>
          <p
            class="text-black text-sm tablet:text-base mt-[0.1rem] text-primary-dark"
            data-testid=""
          >
            Desenvolvedor
          </p>
        </div>
        <div
          class="flex flex-row"
        >
          <a
            class="mr-4"
            href="https://www.linkedin.com/in/filipebsmaia"
            rel="noreferrer"
            target="_blank"
          >
            <img
              alt="Linkedin icon"
              class="h-5 w-5"
              data-nimg="1"
              decoding="async"
              height="40"
              loading="lazy"
              src="/_next/image?url=%2Fimg.jpg&w=96&q=75"
              srcset="/_next/image?url=%2Fimg.jpg&w=48&q=75 1x, /_next/image?url=%2Fimg.jpg&w=96&q=75 2x"
              style="color: transparent;"
              width="40"
            />
          </a>
          <a
            class="mr-4"
            href="https://github.com/filipebsmaia"
            rel="noreferrer"
            target="_blank"
          >
            <img
              alt="Github icon"
              class="h-5 w-5"
              data-nimg="1"
              decoding="async"
              height="40"
              loading="lazy"
              src="/_next/image?url=%2Fimg.jpg&w=96&q=75"
              srcset="/_next/image?url=%2Fimg.jpg&w=48&q=75 1x, /_next/image?url=%2Fimg.jpg&w=96&q=75 2x"
              style="color: transparent;"
              width="40"
            />
          </a>
        </div>
      </div>
    </div>
    <div
      class="flex flex-row p-4 max-w-[390px] min-w-[288px] w-full rounded-[4px] border-solid border-t-[3px] border-primary-dark bg-gray-lightest shadow"
    >
      <img
        alt="Gabriela Turquetti"
        class="bg-white rounded-[50%] mr-4"
        data-nimg="1"
        decoding="async"
        height="70"
        loading="lazy"
        src="/_next/image?url=%2Fassets%2Fvolunteers%2Fturquetti.jpeg&w=256&q=75"
        srcset="/_next/image?url=%2Fassets%2Fvolunteers%2Fturquetti.jpeg&w=96&q=75 1x, /_next/image?url=%2Fassets%2Fvolunteers%2Fturquetti.jpeg&w=256&q=75 2x"
        style="color: transparent;"
        width="70"
      />
      <div
        class="flex flex-col justify-between"
      >
        <div
          class="flex flex-col"
        >
          <p
            class="text-black text-sm tablet:text-base "
            data-testid=""
          >
            Gabriela Turquetti
          </p>
          <p
            class="text-black text-sm tablet:text-base mt-[0.1rem] text-primary-dark"
            data-testid=""
          >
            Desenvolvedora
          </p>
        </div>
        <div
          class="flex flex-row"
        >
          <a
            class="mr-4"
            href="https://www.twitter.com/gabturquetti"
            target="_self"
          >
            <img
              alt="Twitter icon"
              class="h-5 w-5"
              data-nimg="1"
              decoding="async"
              height="40"
              loading="lazy"
              src="/_next/image?url=%2Fimg.jpg&w=96&q=75"
              srcset="/_next/image?url=%2Fimg.jpg&w=48&q=75 1x, /_next/image?url=%2Fimg.jpg&w=96&q=75 2x"
              style="color: transparent;"
              width="40"
            />
          </a>
          <a
            class="mr-4"
            href="https://www.linkedin.com/in/gabriela-turquetti"
            rel="noreferrer"
            target="_blank"
          >
            <img
              alt="Linkedin icon"
              class="h-5 w-5"
              data-nimg="1"
              decoding="async"
              height="40"
              loading="lazy"
              src="/_next/image?url=%2Fimg.jpg&w=96&q=75"
              srcset="/_next/image?url=%2Fimg.jpg&w=48&q=75 1x, /_next/image?url=%2Fimg.jpg&w=96&q=75 2x"
              style="color: transparent;"
              width="40"
            />
          </a>
          <a
            class="mr-4"
            href="https://www.instagram.com/gabrielaturquetti"
            rel="noreferrer"
            target="_blank"
          >
            <img
              alt="Instagram icon"
              class="h-5 w-5"
              data-nimg="1"
              decoding="async"
              height="40"
              loading="lazy"
              src="/_next/image?url=%2Fimg.jpg&w=96&q=75"
              srcset="/_next/image?url=%2Fimg.jpg&w=48&q=75 1x, /_next/image?url=%2Fimg.jpg&w=96&q=75 2x"
              style="color: transparent;"
              width="40"
            />
          </a>
          <a
            class="mr-4"
            href="https://github.com/turquetti"
            rel="noreferrer"
            target="_blank"
          >
            <img
              alt="Github icon"
              class="h-5 w-5"
              data-nimg="1"
              decoding="async"
              height="40"
              loading="lazy"
              src="/_next/image?url=%2Fimg.jpg&w=96&q=75"
              srcset="/_next/image?url=%2Fimg.jpg&w=48&q=75 1x, /_next/image?url=%2Fimg.jpg&w=96&q=75 2x"
              style="color: transparent;"
              width="40"
            />
          </a>
        </div>
      </div>
    </div>
    <div
      class="flex flex-row p-4 max-w-[390px] min-w-[288px] w-full rounded-[4px] border-solid border-t-[3px] border-primary-dark bg-gray-lightest shadow"
    >
      <img
        alt="Geraldo Castro"
        class="bg-white rounded-[50%] mr-4"
        data-nimg="1"
        decoding="async"
        height="70"
        loading="lazy"
        src="/_next/image?url=%2Fassets%2Fvolunteers%2Fexageraldo.jpg&w=256&q=75"
        srcset="/_next/image?url=%2Fassets%2Fvolunteers%2Fexageraldo.jpg&w=96&q=75 1x, /_next/image?url=%2Fassets%2Fvolunteers%2Fexageraldo.jpg&w=256&q=75 2x"
        style="color: transparent;"
        width="70"
      />
      <div
        class="flex flex-col justify-between"
      >
        <div
          class="flex flex-col"
        >
          <p
            class="text-black text-sm tablet:text-base "
            data-testid=""
          >
            Geraldo Castro
          </p>
          <p
            class="text-black text-sm tablet:text-base mt-[0.1rem] text-primary-dark"
            data-testid=""
          >
            Desenvolvedor
          </p>
        </div>
        <div
          class="flex flex-row"
        >
          <a
            class="mr-4"
            href="https://www.twitter.com/exageraldo_"
            target="_self"
          >
            <img
              alt="Twitter icon"
              class="h-5 w-5"
              data-nimg="1"
              decoding="async"
              height="40"
              loading="lazy"
              src="/_next/image?url=%2Fimg.jpg&w=96&q=75"
              srcset="/_next/image?url=%2Fimg.jpg&w=48&q=75 1x, /_next/image?url=%2Fimg.jpg&w=96&q=75 2x"
              style="color: transparent;"
              width="40"
            />
          </a>
          <a
            class="mr-4"
            href="https://www.linkedin.com/in/exageraldo"
            rel="noreferrer"
            target="_blank"
          >
            <img
              alt="Linkedin icon"
              class="h-5 w-5"
              data-nimg="1"
              decoding="async"
              height="40"
              loading="lazy"
              src="/_next/image?url=%2Fimg.jpg&w=96&q=75"
              srcset="/_next/image?url=%2Fimg.jpg&w=48&q=75 1x, /_next/image?url=%2Fimg.jpg&w=96&q=75 2x"
              style="color: transparent;"
              width="40"
            />
          </a>
          <a
            class="mr-4"
            href="https://github.com/exageraldo"
            rel="noreferrer"
            target="_blank"
          >
            <img
              alt="Github icon"
              class="h-5 w-5"
              data-nimg="1"
              decoding="async"
              height="40"
              loading="lazy"
              src="/_next/image?url=%2Fimg.jpg&w=96&q=75"
              srcset="/_next/image?url=%2Fimg.jpg&w=48&q=75 1x, /_next/image?url=%2Fimg.jpg&w=96&q=75 2x"
              style="color: transparent;"
              width="40"
            />
          </a>
        </div>
      </div>
    </div>
    <div
      class="flex flex-row p-4 max-w-[390px] min-w-[288px] w-full rounded-[4px] border-solid border-t-[3px] border-primary-dark bg-gray-lightest shadow"
    >
      <img
        alt="Guilherme Wanderley"
        class="bg-white rounded-[50%] mr-4"
        data-nimg="1"
        decoding="async"
        height="70"
        loading="lazy"
        src="/_next/image?url=%2Fassets%2Fvolunteers%2Fguilhermelowa.jpeg&w=256&q=75"
        srcset="/_next/image?url=%2Fassets%2Fvolunteers%2Fguilhermelowa.jpeg&w=96&q=75 1x, /_next/image?url=%2Fassets%2Fvolunteers%2Fguilhermelowa.jpeg&w=256&q=75 2x"
        style="color: transparent;"
        width="70"
      />
      <div
        class="flex flex-col justify-between"
      >
        <div
          class="flex flex-col"
        >
          <p
            class="text-black text-sm tablet:text-base "
            data-testid=""
          >
            Guilherme Wanderley
          </p>
          <p
            class="text-black text-sm tablet:text-base mt-[0.1rem] text-primary-dark"
            data-testid=""
          >
            Office-boy e Analista de Dados
          </p>
        </div>
        <div
          class="flex flex-row"
        >
          <a
            class="mr-4"
            href="https://www.linkedin.com/in/guilherme-wanderley"
            rel="noreferrer"
            target="_blank"
          >
            <img
              alt="Linkedin icon"
              class="h-5 w-5"
              data-nimg="1"
              decoding="async"
              height="40"
              loading="lazy"
              src="/_next/image?url=%2Fimg.jpg&w=96&q=75"
              srcset="/_next/image?url=%2Fimg.jpg&w=48&q=75 1x, /_next/image?url=%2Fimg.jpg&w=96&q=75 2x"
              style="color: transparent;"
              width="40"
            />
          </a>
          <a
            class="mr-4"
            href="https://github.com/guilhermelowa"
            rel="noreferrer"
            target="_blank"
          >
            <img
              alt="Github icon"
              class="h-5 w-5"
              data-nimg="1"
              decoding="async"
              height="40"
              loading="lazy"
              src="/_next/image?url=%2Fimg.jpg&w=96&q=75"
              srcset="/_next/image?url=%2Fimg.jpg&w=48&q=75 1x, /_next/image?url=%2Fimg.jpg&w=96&q=75 2x"
              style="color: transparent;"
              width="40"
            />
          </a>
        </div>
      </div>
    </div>
    <div
      class="flex flex-row p-4 max-w-[390px] min-w-[288px] w-full rounded-[4px] border-solid border-t-[3px] border-primary-dark bg-gray-lightest shadow"
    >
      <img
        alt="Luanda Dantas"
        class="bg-white rounded-[50%] mr-4"
        data-nimg="1"
        decoding="async"
        height="70"
        loading="lazy"
        src="/_next/image?url=%2Fassets%2Fvolunteers%2Fluandadantas.jpeg&w=256&q=75"
        srcset="/_next/image?url=%2Fassets%2Fvolunteers%2Fluandadantas.jpeg&w=96&q=75 1x, /_next/image?url=%2Fassets%2Fvolunteers%2Fluandadantas.jpeg&w=256&q=75 2x"
        style="color: transparent;"
        width="70"
      />
      <div
        class="flex flex-col justify-between"
      >
        <div
          class="flex flex-col"
        >
          <p
            class="text-black text-sm tablet:text-base "
            data-testid=""
          >
            Luanda Dantas
          </p>
          <p
            class="text-black text-sm tablet:text-base mt-[0.1rem] text-primary-dark"
            data-testid=""
          >
            Desenvolvedora
          </p>
        </div>
        <div
          class="flex flex-row"
        >
          <a
            class="mr-4"
            href="https://www.linkedin.com/in/luandadantas"
            rel="noreferrer"
            target="_blank"
          >
            <img
              alt="Linkedin icon"
              class="h-5 w-5"
              data-nimg="1"
              decoding="async"
              height="40"
              loading="lazy"
              src="/_next/image?url=%2Fimg.jpg&w=96&q=75"
              srcset="/_next/image?url=%2Fimg.jpg&w=48&q=75 1x, /_next/image?url=%2Fimg.jpg&w=96&q=75 2x"
              style="color: transparent;"
              width="40"
            />
          </a>
          <a
            class="mr-4"
            href="https://github.com/luandadantas"
            rel="noreferrer"
            target="_blank"
          >
            <img
              alt="Github icon"
              class="h-5 w-5"
              data-nimg="1"
              decoding="async"
              height="40"
              loading="lazy"
              src="/_next/image?url=%2Fimg.jpg&w=96&q=75"
              srcset="/_next/image?url=%2Fimg.jpg&w=48&q=75 1x, /_next/image?url=%2Fimg.jpg&w=96&q=75 2x"
              style="color: transparent;"
              width="40"
            />
          </a>
        </div>
      </div>
    </div>
    <div
      class="flex flex-row p-4 max-w-[390px] min-w-[288px] w-full rounded-[4px] border-solid border-t-[3px] border-primary-dark bg-gray-lightest shadow"
    >
      <img
        alt="Matheus Rocha"
        class="bg-white rounded-[50%] mr-4"
        data-nimg="1"
        decoding="async"
        height="70"
        loading="lazy"
        src="/_next/image?url=%2Fassets%2Fvolunteers%2Fmatheusrocha89.jpeg&w=256&q=75"
        srcset="/_next/image?url=%2Fassets%2Fvolunteers%2Fmatheusrocha89.jpeg&w=96&q=75 1x, /_next/image?url=%2Fassets%2Fvolunteers%2Fmatheusrocha89.jpeg&w=256&q=75 2x"
        style="color: transparent;"
        width="70"
      />
      <div
        class="flex flex-col justify-between"
      >
        <div
          class="flex flex-col"
        >
          <p
            class="text-black text-sm tablet:text-base "
            data-testid=""
          >
            Matheus Rocha
          </p>
          <p
            class="text-black text-sm tablet:text-base mt-[0.1rem] text-primary-dark"
            data-testid=""
          >
            Desenvolvedor
          </p>
        </div>
        <div
          class="flex flex-row"
        >
          <a
            class="mr-4"
            href="https://www.twitter.com/matheusrocha"
            target="_self"
          >
            <img
              alt="Twitter icon"
              class="h-5 w-5"
              data-nimg="1"
              decoding="async"
              height="40"
              loading="lazy"
              src="/_next/image?url=%2Fimg.jpg&w=96&q=75"
              srcset="/_next/image?url=%2Fimg.jpg&w=48&q=75 1x, /_next/image?url=%2Fimg.jpg&w=96&q=75 2x"
              style="color: transparent;"
              width="40"
            />
          </a>
          <a
            class="mr-4"
            href="https://www.linkedin.com/in/matheus-cruz-rocha-38021525"
            rel="noreferrer"
            target="_blank"
          >
            <img
              alt="Linkedin icon"
              class="h-5 w-5"
              data-nimg="1"
              decoding="async"
              height="40"
              loading="lazy"
              src="/_next/image?url=%2Fimg.jpg&w=96&q=75"
              srcset="/_next/image?url=%2Fimg.jpg&w=48&q=75 1x, /_next/image?url=%2Fimg.jpg&w=96&q=75 2x"
              style="color: transparent;"
              width="40"
            />
          </a>
          <a
            class="mr-4"
            href="https://github.com/matheusrocha89"
            rel="noreferrer"
            target="_blank"
          >
            <img
              alt="Github icon"
              class="h-5 w-5"
              data-nimg="1"
              decoding="async"
              height="40"
              loading="lazy"
              src="/_next/image?url=%2Fimg.jpg&w=96&q=75"
              srcset="/_next/image?url=%2Fimg.jpg&w=48&q=75 1x, /_next/image?url=%2Fimg.jpg&w=96&q=75 2x"
              style="color: transparent;"
              width="40"
            />
          </a>
        </div>
      </div>
    </div>
    <div
      class="flex flex-row p-4 max-w-[390px] min-w-[288px] w-full rounded-[4px] border-solid border-t-[3px] border-primary-dark bg-gray-lightest shadow"
    >
      <img
        alt="Nataly Costa"
        class="bg-white rounded-[50%] mr-4"
        data-nimg="1"
        decoding="async"
        height="70"
        loading="lazy"
        src="/_next/image?url=%2Fassets%2Fvolunteers%2Fnatalycosta.jpeg&w=256&q=75"
        srcset="/_next/image?url=%2Fassets%2Fvolunteers%2Fnatalycosta.jpeg&w=96&q=75 1x, /_next/image?url=%2Fassets%2Fvolunteers%2Fnatalycosta.jpeg&w=256&q=75 2x"
        style="color: transparent;"
        width="70"
      />
      <div
        class="flex flex-col justify-between"
      >
        <div
          class="flex flex-col"
        >
          <p
            class="text-black text-sm tablet:text-base "
            data-testid=""
          >
            Nataly Costa
          </p>
          <p
            class="text-black text-sm tablet:text-base mt-[0.1rem] text-primary-dark"
            data-testid=""
          >
            Designer
          </p>
        </div>
        <div
          class="flex flex-row"
        >
          <a
            class="mr-4"
            href="https://www.linkedin.com/in/natalycosta"
            rel="noreferrer"
            target="_blank"
          >
            <img
              alt="Linkedin icon"
              class="h-5 w-5"
              data-nimg="1"
              decoding="async"
              height="40"
              loading="lazy"
              src="/_next/image?url=%2Fimg.jpg&w=96&q=75"
              srcset="/_next/image?url=%2Fimg.jpg&w=48&q=75 1x, /_next/image?url=%2Fimg.jpg&w=96&q=75 2x"
              style="color: transparent;"
              width="40"
            />
          </a>
        </div>
      </div>
    </div>
    <div
      class="flex flex-row p-4 max-w-[390px] min-w-[288px] w-full rounded-[4px] border-solid border-t-[3px] border-primary-dark bg-gray-lightest shadow"
    >
      <img
        alt="Nathanael Souza"
        class="bg-white rounded-[50%] mr-4"
        data-nimg="1"
        decoding="async"
        height="70"
        loading="lazy"
        src="/_next/image?url=%2Fassets%2Fvolunteers%2Fnathanaelss.jpeg&w=256&q=75"
        srcset="/_next/image?url=%2Fassets%2Fvolunteers%2Fnathanaelss.jpeg&w=96&q=75 1x, /_next/image?url=%2Fassets%2Fvolunteers%2Fnathanaelss.jpeg&w=256&q=75 2x"
        style="color: transparent;"
        width="70"
      />
      <div
        class="flex flex-col justify-between"
      >
        <div
          class="flex flex-col"
        >
          <p
            class="text-black text-sm tablet:text-base "
            data-testid=""
          >
            Nathanael Souza
          </p>
          <p
            class="text-black text-sm tablet:text-base mt-[0.1rem] text-primary-dark"
            data-testid=""
          >
            Desenvolvedor
          </p>
        </div>
        <div
          class="flex flex-row"
        >
          <a
            class="mr-4"
            href="https://www.linkedin.com/in/nathanael-souza"
            rel="noreferrer"
            target="_blank"
          >
            <img
              alt="Linkedin icon"
              class="h-5 w-5"
              data-nimg="1"
              decoding="async"
              height="40"
              loading="lazy"
              src="/_next/image?url=%2Fimg.jpg&w=96&q=75"
              srcset="/_next/image?url=%2Fimg.jpg&w=48&q=75 1x, /_next/image?url=%2Fimg.jpg&w=96&q=75 2x"
              style="color: transparent;"
              width="40"
            />
          </a>
          <a
            class="mr-4"
            href="https://github.com/Nathanaelss"
            rel="noreferrer"
            target="_blank"
          >
            <img
              alt="Github icon"
              class="h-5 w-5"
              data-nimg="1"
              decoding="async"
              height="40"
              loading="lazy"
              src="/_next/image?url=%2Fimg.jpg&w=96&q=75"
              srcset="/_next/image?url=%2Fimg.jpg&w=48&q=75 1x, /_next/image?url=%2Fimg.jpg&w=96&q=75 2x"
              style="color: transparent;"
              width="40"
            />
          </a>
        </div>
      </div>
    </div>
    <div
      class="flex flex-row p-4 max-w-[390px] min-w-[288px] w-full rounded-[4px] border-solid border-t-[3px] border-primary-dark bg-gray-lightest shadow"
    >
      <img
        alt="Rafael Gomes"
        class="bg-white rounded-[50%] mr-4"
        data-nimg="1"
        decoding="async"
        height="70"
        loading="lazy"
        src="/_next/image?url=%2Fassets%2Fvolunteers%2Fgomex.png&w=256&q=75"
        srcset="/_next/image?url=%2Fassets%2Fvolunteers%2Fgomex.png&w=96&q=75 1x, /_next/image?url=%2Fassets%2Fvolunteers%2Fgomex.png&w=256&q=75 2x"
        style="color: transparent;"
        width="70"
      />
      <div
        class="flex flex-col justify-between"
      >
        <div
          class="flex flex-col"
        >
          <p
            class="text-black text-sm tablet:text-base "
            data-testid=""
          >
            Rafael Gomes
          </p>
          <p
            class="text-black text-sm tablet:text-base mt-[0.1rem] text-primary-dark"
            data-testid=""
          >
            Desenvolvedor
          </p>
        </div>
        <div
          class="flex flex-row"
        >
          <a
            class="mr-4"
            href="https://www.twitter.com/gomex"
            target="_self"
          >
            <img
              alt="Twitter icon"
              class="h-5 w-5"
              data-nimg="1"
              decoding="async"
              height="40"
              loading="lazy"
              src="/_next/image?url=%2Fimg.jpg&w=96&q=75"
              srcset="/_next/image?url=%2Fimg.jpg&w=48&q=75 1x, /_next/image?url=%2Fimg.jpg&w=96&q=75 2x"
              style="color: transparent;"
              width="40"
            />
          </a>
          <a
            class="mr-4"
            href="https://www.linkedin.com/in/rbgomes"
            rel="noreferrer"
            target="_blank"
          >
            <img
              alt="Linkedin icon"
              class="h-5 w-5"
              data-nimg="1"
              decoding="async"
              height="40"
              loading="lazy"
              src="/_next/image?url=%2Fimg.jpg&w=96&q=75"
              srcset="/_next/image?url=%2Fimg.jpg&w=48&q=75 1x, /_next/image?url=%2Fimg.jpg&w=96&q=75 2x"
              style="color: transparent;"
              width="40"
            />
          </a>
          <a
            class="mr-4"
            href="https://github.com/gomex"
            rel="noreferrer"
            target="_blank"
          >
            <img
              alt="Github icon"
              class="h-5 w-5"
              data-nimg="1"
              decoding="async"
              height="40"
              loading="lazy"
              src="/_next/image?url=%2Fimg.jpg&w=96&q=75"
              srcset="/_next/image?url=%2Fimg.jpg&w=48&q=75 1x, /_next/image?url=%2Fimg.jpg&w=96&q=75 2x"
              style="color: transparent;"
              width="40"
            />
          </a>
        </div>
      </div>
    </div>
    <div
      class="flex flex-row p-4 max-w-[390px] min-w-[288px] w-full rounded-[4px] border-solid border-t-[3px] border-primary-dark bg-gray-lightest shadow"
    >
      <img
        alt="Rafael Velame"
        class="bg-white rounded-[50%] mr-4"
        data-nimg="1"
        decoding="async"
        height="70"
        loading="lazy"
        src="/_next/image?url=%2Fassets%2Fvolunteers%2Frafaelvelame.jpeg&w=256&q=75"
        srcset="/_next/image?url=%2Fassets%2Fvolunteers%2Frafaelvelame.jpeg&w=96&q=75 1x, /_next/image?url=%2Fassets%2Fvolunteers%2Frafaelvelame.jpeg&w=256&q=75 2x"
        style="color: transparent;"
        width="70"
      />
      <div
        class="flex flex-col justify-between"
      >
        <div
          class="flex flex-col"
        >
          <p
            class="text-black text-sm tablet:text-base "
            data-testid=""
          >
            Rafael Velame
          </p>
          <p
            class="text-black text-sm tablet:text-base mt-[0.1rem] text-primary-dark"
            data-testid=""
          >
            Jornalista
          </p>
        </div>
        <div
          class="flex flex-row"
        >
          <a
            class="mr-4"
            href="https://www.twitter.com/rafaelvelame"
            target="_self"
          >
            <img
              alt="Twitter icon"
              class="h-5 w-5"
              data-nimg="1"
              decoding="async"
              height="40"
              loading="lazy"
              src="/_next/image?url=%2Fimg.jpg&w=96&q=75"
              srcset="/_next/image?url=%2Fimg.jpg&w=48&q=75 1x, /_next/image?url=%2Fimg.jpg&w=96&q=75 2x"
              style="color: transparent;"
              width="40"
            />
          </a>
          <a
            class="mr-4"
            href="https://www.linkedin.com/in/rafael-velame-242b98104"
            rel="noreferrer"
            target="_blank"
          >
            <img
              alt="Linkedin icon"
              class="h-5 w-5"
              data-nimg="1"
              decoding="async"
              height="40"
              loading="lazy"
              src="/_next/image?url=%2Fimg.jpg&w=96&q=75"
              srcset="/_next/image?url=%2Fimg.jpg&w=48&q=75 1x, /_next/image?url=%2Fimg.jpg&w=96&q=75 2x"
              style="color: transparent;"
              width="40"
            />
          </a>
        </div>
      </div>
    </div>
    <div
      class="flex flex-row p-4 max-w-[390px] min-w-[288px] w-full rounded-[4px] border-solid border-t-[3px] border-primary-dark bg-gray-lightest shadow"
    >
      <img
        alt="Vivian Macedo"
        class="bg-white rounded-[50%] mr-4"
        data-nimg="1"
        decoding="async"
        height="70"
        loading="lazy"
        src="/_next/image?url=%2Fassets%2Fvolunteers%2Fvivianmacedo.jpeg&w=256&q=75"
        srcset="/_next/image?url=%2Fassets%2Fvolunteers%2Fvivianmacedo.jpeg&w=96&q=75 1x, /_next/image?url=%2Fassets%2Fvolunteers%2Fvivianmacedo.jpeg&w=256&q=75 2x"
        style="color: transparent;"
        width="70"
      />
      <div
        class="flex flex-col justify-between"
      >
        <div
          class="flex flex-col"
        >
          <p
            class="text-black text-sm tablet:text-base "
            data-testid=""
          >
            Vivian Macedo
          </p>
          <p
            class="text-black text-sm tablet:text-base mt-[0.1rem] text-primary-dark"
            data-testid=""
          >
            Analista de Dados
          </p>
        </div>
        <div
          class="flex flex-row"
        >
          <a
            class="mr-4"
            href="https://www.linkedin.com/in/vivianmacedo"
            rel="noreferrer"
            target="_blank"
          >
            <img
              alt="Linkedin icon"
              class="h-5 w-5"
              data-nimg="1"
              decoding="async"
              height="40"
              loading="lazy"
              src="/_next/image?url=%2Fimg.jpg&w=96&q=75"
              srcset="/_next/image?url=%2Fimg.jpg&w=48&q=75 1x, /_next/image?url=%2Fimg.jpg&w=96&q=75 2x"
              style="color: transparent;"
              width="40"
            />
          </a>
          <a
            class="mr-4"
            href="https://github.com/vihvs"
            rel="noreferrer"
            target="_blank"
          >
            <img
              alt="Github icon"
              class="h-5 w-5"
              data-nimg="1"
              decoding="async"
              height="40"
              loading="lazy"
              src="/_next/image?url=%2Fimg.jpg&w=96&q=75"
              srcset="/_next/image?url=%2Fimg.jpg&w=48&q=75 1x, /_next/image?url=%2Fimg.jpg&w=96&q=75 2x"
              style="color: transparent;"
              width="40"
            />
          </a>
        </div>
      </div>
    </div>
  </div>
</DocumentFragment>
`;
