// Jest Snapshot v1, https://goo.gl/fbAQLP

exports[`<SocialContactButtons /> renders correctly all the buttons 1`] = `
<DocumentFragment>
  <button
    class="bg-blue-100 h-xl w-auto px-sm rounded flex items-center space-x-sm pa-md"
    data-testid="twitter-button"
    data-url="https://twitter.com/DadosDeFeira"
    type="button"
  >
    <img
      alt="Twitter"
      src="/assets/icons/twitter.svg"
    />
    <span
      class="text-primary-dark text-sm"
    >
      Twitter
    </span>
  </button>
  <button
    class="bg-blue-100 h-xl w-auto px-sm rounded flex items-center space-x-sm pa-md "
    data-testid="facebook-button"
    data-url="https://www.facebook.com/dadosabertosdefeira"
    type="button"
  >
    <img
      alt="Facebook"
      src="/assets/icons/facebook.svg"
    />
    <span
      class="text-primary-dark text-sm"
    >
      Facebook
    </span>
  </button>
  <button
    class="bg-blue-100 h-xl w-auto px-sm rounded flex items-center space-x-sm pa-md "
    data-testid="instagram-button"
    data-url="https://www.instagram.com/dadosabertosdefeira/"
    type="button"
  >
    <img
      alt="Instagram"
      src="/assets/icons/instagram.svg"
    />
    <span
      class="text-primary-dark text-sm"
    >
      Instagram
    </span>
  </button>
  <button
    class="bg-blue-100 h-xl w-auto px-sm rounded flex items-center space-x-sm pa-md "
    data-testid="github-button"
    data-url="https://github.com/DadosAbertosDeFeira"
    type="button"
  >
    <img
      alt="Github"
      src="/assets/icons/github.svg"
    />
    <span
      class="text-primary-dark text-sm"
    >
      Github
    </span>
  </button>
</DocumentFragment>
`;
