// Jest Snapshot v1, https://goo.gl/fbAQLP

exports[`<SocialContactButtons /> renders correctly all the buttons 1`] = `
<DocumentFragment>
  <div
    class="grid grid-flow-col grid-cols-2 grid-rows-2 auto-cols-auto mt-md gap-md self-center tablet:self-start"
  >
    <button
      class="bg-blue-100 h-xl px-sm  rounded flex items-center w-4xl justify-center space-x-sm pa-md"
      data-testid="twitter-button"
      type="button"
    >
      <img
        alt="Twitter"
        src="/assets/icons/twitter.svg"
      />
      <span
        class="text-primary-dark text-sm"
      >
        Twitter
      </span>
    </button>
    <button
      class="bg-blue-100 h-xl px-sm rounded flex items-center w-4xl justify-center space-x-sm pa-md "
      data-testid="facebook-button"
      type="button"
    >
      <img
        alt="Facebook"
        src="/assets/icons/facebook.svg"
      />
      <span
        class="text-primary-dark text-sm"
      >
        Facebook
      </span>
    </button>
    <button
      class="bg-blue-100 h-xl px-sm rounded flex items-center w-4xl justify-center space-x-sm pa-md "
      data-testid="instagram-button"
      type="button"
    >
      <img
        alt="Instagram"
        src="/assets/icons/instagram.svg"
      />
      <span
        class="text-primary-dark text-sm"
      >
        Instagram
      </span>
    </button>
    <button
      class="bg-blue-100 h-xl px-sm rounded flex items-center w-4xl justify-center space-x-sm pa-md "
      data-testid="github-button"
      type="button"
    >
      <img
        alt="Github"
        src="/assets/icons/github.svg"
      />
      <span
        class="text-primary-dark text-sm"
      >
        Github
      </span>
    </button>
  </div>
</DocumentFragment>
`;
